$ next dev
⚠ Port 3000 is in use by process 39640, using available port 3001 instead.
⨯ unhandledRejection: Error: ENOENT: no such file or directory, scandir 'C:\Users\minhmice\Documents\projects\My-Streamlit-IELTS-Learning-Website\src\app'
    at ignore-listed frames {
  errno: -4058,
  code: 'ENOENT',
  syscall: 'scandir',
  path: 'C:\\Users\\minhmice\\Documents\\projects\\My-Streamlit-IELTS-Learning-Website\\src\\app'
}
⚠ Found a change in next.config.ts. Restarting the server to apply the changes...
[browser] The result of getServerSnapshot should be cached to avoid an infinite loop 
    at useProgress (src/hooks/use-progress.ts:107:40)
    at AppShell (src/app/page.tsx:44:18)
  105 |
  106 | export function useProgress() {
> 107 |   const progress = useSyncExternalStore(subscribe, getSnapshot, getServerSnapshot)
      |                                        ^
  108 |
  109 |   const saveProgress = (updater: (prev: AppProgress) => AppProgress) => {
  110 |     const next = updater(memorySnapshot) (src/hooks/use-progress.ts:107:40)
[browser] Uncaught Error: Hydration failed because the server rendered HTML didn't match the client. As a result this tree will be regenerated on the client. This can happen if a SSR-ed Client Component used:

- A server/client branch `if (typeof window !== 'undefined')`.
- Variable input such as `Date.now()` or `Math.random()` which changes each time it's called.
- Date formatting in a user's locale which doesn't match the server.
- External changing data without sending a snapshot of it along with the HTML.
- Invalid HTML tag nesting.

It can also happen if the client has a browser extension installed which messes with the HTML before React loaded.

https://react.dev/link/hydration-mismatch

  ...
    <ErrorBoundary errorComponent={undefined} errorStyles={undefined} errorScripts={undefined}>
      <LoadingBoundary name="/" loading={null}>
        <HTTPAccessFallbackBoundary notFound={{...}} forbidden={undefined} unauthorized={undefined}>
          <HTTPAccessFallbackErrorBoundary pathname="/" notFound={{...}} forbidden={undefined} unauthorized={undefined} ...>
            <RedirectBoundary>
              <RedirectErrorBoundary router={{...}}>
                <InnerLayoutRouter url="/" tree={[...]} params={{}} cacheNode={{rsc:{...}, ...}} segmentPath={[...]} ...>
                  <SegmentViewNode type="page" pagePath="page.tsx">
                    <SegmentTrieNode>
                    <ClientPageRoot Component={function AppShell} serverProvidedParams={{...}}>
                      <AppShell params={Promise} searchParams={Promise}>
                        <div className="min-h-scre...">
                          <a>
                          <header>
                          <main id="main-content" className="flex-1 mx-...">
                            <HomeView progress={{reading:[...], ...}} onNavigate={function onNavigate}>
                              <div
+                               className="flex flex-col gap-6"
-                               className="flex flex-col items-center justify-center gap-2 max-w-md mx-auto py-20 text..."
                              >
+                               <section className="rounded-[3px] border border-border bg-card p-5">
-                               <div
-                                 className="size-4 rounded-full border border-foreground border-t-transparent animate..."
-                               >
                                ...
                          ...
                  ...
                ...

    at <unknown> (https://react.dev/link/hydration-mismatch)
    at section (<anonymous>)
    at HomeView (src/components/ielts/home-view.tsx:40:7)
    at AppShell (src/app/page.tsx:160:15)
  38 |     <div className="flex flex-col gap-6">
  39 |       {/* Session Dispatcher Card */}
> 40 |       <section className="rounded-[3px] border border-border bg-card p-5">
     |       ^
  41 |         <div className="grid gap-6 lg:grid-cols-[minmax(0,1fr)_16rem] lg:items-start">
  42 |           <div>
  43 |             <div className="flex items-center gap-2 text-[10px] font-mono uppercase tracking-wider text-muted-foreground">
⚠ Fast Refresh had to perform a full reload due to a runtime error.
[browser] Uncaught Error: Hydration failed because the server rendered text didn't match the client. As a result this tree will be regenerated on the client. This can happen if a SSR-ed Client Component used:

- A server/client branch `if (typeof window !== 'undefined')`.
- Variable input such as `Date.now()` or `Math.random()` which changes each time it's called.
- Date formatting in a user's locale which doesn't match the server.
- External changing data without sending a snapshot of it along with the HTML.
- Invalid HTML tag nesting.

It can also happen if the client has a browser extension installed which messes with the HTML before React loaded.

https://react.dev/link/hydration-mismatch

  ...
    <SegmentViewNode type="page" pagePath="reading/[s...">
      <SegmentTrieNode>
      <ClientPageRoot Component={function ReadingSlugPage} serverProvidedParams={{...}}>
        <ReadingSlugPage params={Promise} searchParams={Promise}>
          <div className="max-w-7xl ...">
            <ReadingView test={{id:"iot-re...", ...}} onComplete={function onComplete}>
              <div className="flex flex-...">
                <div className="flex flex-...">
                  <div>
                  <div className="flex items...">
                    <PracticeTimer expiresAt={1789311824122} isRunning={true} onExpire={function onExpire} ...>
                      <div className="flex items...">
                        <Badge variant="secondary" className="font-mono ...">
                          <span data-slot="badge" data-variant="secondary" className={"group/ba..."} ref={null}>
                            <Clock>
                            <span>
                            <span className="font-bold">
+                             51
-                             59
                ...
    ...

    at <unknown> (https://react.dev/link/hydration-mismatch)
    at span (<anonymous>)
    at PracticeTimer (src/components/ielts/practice-timer.tsx:51:9)
    at ReadingView (src/components/ielts/reading-view.tsx:136:11)
    at ReadingSlugPage (src/app/reading/[slug]/page.tsx:49:7)
  49 |         <Clock className="size-3.5" />
  50 |         <span className="text-[11px] font-medium text-muted-foreground mr-0.5">{label}:</span>
> 51 |         <span className="font-bold">
     |         ^
  52 |           {String(mins).padStart(2, "0")}:{String(secs).padStart(2, "0")}
  53 |         </span>
  54 |       </Badge>
